------------------------------------------------------------
TimeQuest Timing Analyzer Summary
------------------------------------------------------------

Type  : Slow 1100mV 85C Model Setup 'clk'
Slack : 40.547
TNS   : 0.000

Type  : Slow 1100mV 85C Model Hold 'clk'
Slack : 0.385
TNS   : 0.000

Type  : Slow 1100mV 85C Model Minimum Pulse Width 'clk'
Slack : 48.864
TNS   : 0.000

Type  : Slow 1100mV 0C Model Setup 'clk'
Slack : 40.846
TNS   : 0.000

Type  : Slow 1100mV 0C Model Hold 'clk'
Slack : 0.414
TNS   : 0.000

Type  : Slow 1100mV 0C Model Minimum Pulse Width 'clk'
Slack : 48.900
TNS   : 0.000

Type  : Fast 1100mV 85C Model Setup 'clk'
Slack : 44.068
TNS   : 0.000

Type  : Fast 1100mV 85C Model Hold 'clk'
Slack : 0.237
TNS   : 0.000

Type  : Fast 1100mV 85C Model Minimum Pulse Width 'clk'
Slack : 48.473
TNS   : 0.000

Type  : Fast 1100mV 0C Model Setup 'clk'
Slack : 44.695
TNS   : 0.000

Type  : Fast 1100mV 0C Model Hold 'clk'
Slack : 0.241
TNS   : 0.000

Type  : Fast 1100mV 0C Model Minimum Pulse Width 'clk'
Slack : 48.428
TNS   : 0.000

------------------------------------------------------------
