------------------------------------------------------------
TimeQuest Timing Analyzer Summary
------------------------------------------------------------

Type  : Slow 1100mV 85C Model Setup 'clk'
Slack : 36.989
TNS   : 0.000

Type  : Slow 1100mV 85C Model Hold 'clk'
Slack : 0.324
TNS   : 0.000

Type  : Slow 1100mV 85C Model Minimum Pulse Width 'clk'
Slack : 48.867
TNS   : 0.000

Type  : Slow 1100mV 0C Model Setup 'clk'
Slack : 37.449
TNS   : 0.000

Type  : Slow 1100mV 0C Model Hold 'clk'
Slack : 0.377
TNS   : 0.000

Type  : Slow 1100mV 0C Model Minimum Pulse Width 'clk'
Slack : 48.906
TNS   : 0.000

Type  : Fast 1100mV 85C Model Setup 'clk'
Slack : 41.742
TNS   : 0.000

Type  : Fast 1100mV 85C Model Hold 'clk'
Slack : 0.180
TNS   : 0.000

Type  : Fast 1100mV 85C Model Minimum Pulse Width 'clk'
Slack : 48.475
TNS   : 0.000

Type  : Fast 1100mV 0C Model Setup 'clk'
Slack : 42.887
TNS   : 0.000

Type  : Fast 1100mV 0C Model Hold 'clk'
Slack : 0.171
TNS   : 0.000

Type  : Fast 1100mV 0C Model Minimum Pulse Width 'clk'
Slack : 48.430
TNS   : 0.000

------------------------------------------------------------
